// Jest Snapshot v1, https://goo.gl/fbAQLP

exports[`Order.js render 1`] = `
<div
  className="Order"
>
  <div
    className="Order-header"
  >
    <span
      className="Order-shop"
    >
      shop
    </span>
    <span
      id="date"
    >
      11 марта, чт, 2021 год
    </span>
  </div>
  <div
    className="Order-items"
  >
    <div
      className="Order-item"
      key="0"
    >
      some data
    </div>
  </div>
</div>
`;

exports[`Order.js render with empty order 1`] = `""`;

exports[`Order.js render with null order 1`] = `""`;
